INFO: Evaluation: mode=dataset_oracle samples=26 {'total': 26, 'glaucoma': 14, 'normal': 12}
INFO: Model and evaluator load started at 2026-07-03T02:19:28.712908+00:00
/data/jperez/app_data/miniconda/envs/medgemma/lib/python3.12/site-packages/torch/cuda/__init__.py:371: UserWarning: Found GPU0 Tesla V100-PCIE-32GB which is of compute capability (CC) 7.0.
The following list shows the CCs this version of PyTorch was built for and the hardware CCs it supports:
- 7.5 which supports hardware CC >=7.5,<8.0
- 8.0 which supports hardware CC >=8.0,<9.0 except {8.7}
- 8.6 which supports hardware CC >=8.6,<9.0 except {8.7}
- 9.0 which supports hardware CC >=9.0,<10.0
- 10.0 which supports hardware CC >=10.0,<11.0 except {10.1}
- 12.0 which supports hardware CC >=12.0,<13.0
Please follow the instructions at https://pytorch.org/get-started/locally/ to install a PyTorch release that supports one of these CUDA versions: 12.6, 12.8
  _warn_unsupported_code(d, device_cc, code_ccs)
INFO: We will use 90% of the memory on device 0 for storing the model, and 10% for the buffer to avoid OOM. You can set `max_memory` in to a higher value to use more memory (at your own risk).
Loading checkpoint shards:   0%|          | 0/2 [00:00<?, ?it/s]Loading checkpoint shards:   0%|          | 0/2 [00:07<?, ?it/s]
INFO: Model and evaluator load finished at 2026-07-03T02:21:39.375287+00:00 in 2m 11s
Traceback (most recent call last):
  File "<frozen runpy>", line 198, in _run_module_as_main
  File "<frozen runpy>", line 88, in _run_code
  File "/data/jperez/projects/medgemma_CIARP/scripts/run_conditioned_medgemma.py", line 260, in <module>
    main()
  File "/data/jperez/projects/medgemma_CIARP/scripts/run_conditioned_medgemma.py", line 196, in main
    conditioner = MedGemmaConditioner(config)
                  ^^^^^^^^^^^^^^^^^^^^^^^^^^^
  File "/data/jperez/projects/medgemma_CIARP/medgemma_utils/medgemma_conditioner.py", line 43, in __init__
    self.model = AutoModelForImageTextToText.from_pretrained(
                 ^^^^^^^^^^^^^^^^^^^^^^^^^^^^^^^^^^^^^^^^^^^^
  File "/data/jperez/app_data/miniconda/envs/medgemma/lib/python3.12/site-packages/transformers/models/auto/auto_factory.py", line 604, in from_pretrained
    return model_class.from_pretrained(
           ^^^^^^^^^^^^^^^^^^^^^^^^^^^^
  File "/data/jperez/app_data/miniconda/envs/medgemma/lib/python3.12/site-packages/transformers/modeling_utils.py", line 277, in _wrapper
    return func(*args, **kwargs)
           ^^^^^^^^^^^^^^^^^^^^^
  File "/data/jperez/app_data/miniconda/envs/medgemma/lib/python3.12/site-packages/transformers/modeling_utils.py", line 5048, in from_pretrained
    ) = cls._load_pretrained_model(
        ^^^^^^^^^^^^^^^^^^^^^^^^^^^
  File "/data/jperez/app_data/miniconda/envs/medgemma/lib/python3.12/site-packages/transformers/modeling_utils.py", line 5468, in _load_pretrained_model
    _error_msgs, disk_offload_index = load_shard_file(args)
                                      ^^^^^^^^^^^^^^^^^^^^^
  File "/data/jperez/app_data/miniconda/envs/medgemma/lib/python3.12/site-packages/transformers/modeling_utils.py", line 843, in load_shard_file
    disk_offload_index = _load_state_dict_into_meta_model(
                         ^^^^^^^^^^^^^^^^^^^^^^^^^^^^^^^^^
  File "/data/jperez/app_data/miniconda/envs/medgemma/lib/python3.12/site-packages/torch/utils/_contextlib.py", line 124, in decorate_context
    return func(*args, **kwargs)
           ^^^^^^^^^^^^^^^^^^^^^
  File "/data/jperez/app_data/miniconda/envs/medgemma/lib/python3.12/site-packages/transformers/modeling_utils.py", line 750, in _load_state_dict_into_meta_model
    param = param.to(casting_dtype)
            ^^^^^^^^^^^^^^^^^^^^^^^
torch.AcceleratorError: CUDA error: no kernel image is available for execution on the device
Search for `cudaErrorNoKernelImageForDevice' in https://docs.nvidia.com/cuda/cuda-runtime-api/group__CUDART__TYPES.html for more information.
CUDA kernel errors might be asynchronously reported at some other API call, so the stacktrace below might be incorrect.
For debugging consider passing CUDA_LAUNCH_BLOCKING=1
Compile with `TORCH_USE_CUDA_DSA` to enable device-side assertions.

